// Jest Snapshot v1, https://goo.gl/fbAQLP

exports[`should render Header correctly 1`] = `
<header>
  <div
    className="topArea"
  >
    <div
      className="row"
    >
      <div
        className="col-md-4"
      >
        <img
          className="logoImg"
          src="./images/logo.jpg"
        />
      </div>
      <div
        className="col-md-4"
      >
        <h1>
           Powering safe efficient travel 
        </h1>
      </div>
      <div
        className="col-md-4"
      >
        <br />
        <a
          className="fa fa-facebook"
          href="#"
        />
        <a
          className="fa fa-twitter"
          href="#"
        />
        <a
          className="fa fa-google"
          href="#"
        />
        <a
          className="fa fa-linkedin"
          href="#"
        />
        <a
          className="fa fa-youtube"
          href="#"
        />
        <span
          className="glyphicon glyphicon-phone"
        >
           1300-WEST-X-SOUTHWEST
        </span>
      </div>
    </div>
  </div>
  <div
    className="alignRight"
  >
    <Link
      className="btn btn-secondary btn-lg"
      replace={false}
      to="/login"
    >
      Login
    </Link>
    <button
      className="btn btn-warning btn-lg"
      onClick={[Function]}
    >
       Logout
    </button>
  </div>
  <div>
    <ul
      className="headerNav"
    >
      <li>
        <NavLink
          activeClassName="is-active"
          ariaCurrent="true"
          exact={true}
          to="/"
        >
          Home
        </NavLink>
      </li>
      <li>
        <NavLink
          activeClassName="is-active"
          ariaCurrent="true"
          to="/dashboard"
        >
          Dashboard
        </NavLink>
      </li>
      <li>
        <NavLink
          activeClassName="is-active"
          ariaCurrent="true"
          to="/create"
        >
          Book a Ride
        </NavLink>
      </li>
      <li>
        <NavLink
          activeClassName="is-active"
          ariaCurrent="true"
          to="/partners"
        >
          Partners
        </NavLink>
      </li>
      <li>
        <NavLink
          activeClassName="is-active"
          ariaCurrent="true"
          to="/aboutUs"
        >
          About Us
        </NavLink>
      </li>
      <li>
        <NavLink
          activeClassName="is-active"
          ariaCurrent="true"
          to="/contactUs"
        >
          Contact Us
        </NavLink>
      </li>
    </ul>
  </div>
</header>
`;
